# Build, README check against the built types, package type resolution
# commit e66dea5, 2026-10-01T13:22:06Z, node v24.14.0, ai 7.0.123, zod 4.6.5, @pairsystems/goodmem 0.1.9

$ npm run build

> @pairsystems/goodmem-vercel-ai-sdk@0.1.1 build
> npm-run-all build:clean check compile


> @pairsystems/goodmem-vercel-ai-sdk@0.1.1 build:clean
> rimraf ./lib


> @pairsystems/goodmem-vercel-ai-sdk@0.1.1 check
> tsc --noEmit


> @pairsystems/goodmem-vercel-ai-sdk@0.1.1 compile
> tsup

CLI Building entry: src/index.ts
CLI Using tsconfig: tsconfig.json
CLI tsup v8.5.1
CLI Using tsup config: /home/bashar/goodmem-ai-sdk/tsup.config.ts
CLI Target: es2022
CLI Cleaning output folder
CJS Build start
ESM Build start
ESM lib/index.mjs     56.73 KB
ESM lib/index.mjs.map 136.27 KB
ESM ⚡️ Build success in 9ms
CJS lib/index.js     58.35 KB
CJS lib/index.js.map 138.39 KB
CJS ⚡️ Build success in 10ms
DTS Build start
DTS ⚡️ Build success in 709ms
DTS lib/index.d.ts  27.71 KB
DTS lib/index.d.mts 27.71 KB
exit=0

$ npm run check:readme

> @pairsystems/goodmem-vercel-ai-sdk@0.1.1 check:readme
> node scripts/check-readme.mjs --against lib

ok - 9 TypeScript example(s) type-check against lib
ok - 94 inline identifier(s) found in lib/index.d.ts: BOOLEAN, FACT_EXTRACTION_INSTRUCTIONS, GOODMEM_API_KEY, GOODMEM_BASE_URL, GoodMemConfigError, GoodMemError, GoodMemFilterError, GoodMemIndexingError, GoodMemIngestionError, MALFORMED_STREAM, NUMERIC, RETRIEVAL_FAILED, RETRIEVAL_FAILED_CODE, TEXT, UNKNOWN, addMemories, addMemory, ai, allOf, anyOf, apiKey, baseUrl, body, code, compare, console, content, contentEncoding, context, createdMemoryIds, data, embedderId, equals, escapeLiteral, extractFacts, extractionModel, failedIndex, failedMemoryIds, fetch, filter, filters, fromMapping, generateText, goodmem, import, isInstance, isRetryable, logger, memoryId, memoryIds, message, metadata, minScore, not, notEquals, oneOf, partial, pendingMemoryIds, position, processingStatus, providerMetadata, query, rawScore, rerankerId, resultCount, results, retrievalTimeoutMs, saveError, saved, scope, score, scoreKind, searchMemories, signal, skipMemoryOnError, space, spaceId, spaceIds, statusCode, statuses, streamText, template, text, timedOut, timeoutMs, topK, totalResults, true, usage, vector, waitForIndexing, warning, warnings, wrapLanguageModel
ok - 2 found in the ai package types: require, zod
ok - 3 found in the @pairsystems/goodmem types: EMBEDDER_FAILED, FEATURE_DISABLED, LLM_CAPABILITY_INFERRED
ok - 3 allowlisted (not code): GOODMEM_TEST_EMBEDDER_ID, GOODMEM_TEST_LATENCY_EMBEDDER_ID, GOODMEM_TEST_RERANKER_ID
ok - model-facing tool names searchMemories and addMemory are documented
exit=0

$ npx @arethetypeswrong/cli --pack .

@pairsystems/goodmem-vercel-ai-sdk v0.1.1

Build tools:
- typescript@^5.9.3
- tsup@^8.5.1

 No problems found 🌟


┌───────────────────┬──────────────────────────────────────┬───────────────────────────────────────────────────┐
│                   │ "@pairsystems/goodmem-vercel-ai-sdk" │ "@pairsystems/goodmem-vercel-ai-sdk/package.json" │
├───────────────────┼──────────────────────────────────────┼───────────────────────────────────────────────────┤
│ node10            │ 🟢                                   │ 🟢 (JSON)                                         │
├───────────────────┼──────────────────────────────────────┼───────────────────────────────────────────────────┤
│ node16 (from CJS) │ 🟢 (CJS)                             │ 🟢 (JSON)                                         │
├───────────────────┼──────────────────────────────────────┼───────────────────────────────────────────────────┤
│ node16 (from ESM) │ 🟢 (ESM)                             │ 🟢 (JSON)                                         │
├───────────────────┼──────────────────────────────────────┼───────────────────────────────────────────────────┤
│ bundler           │ 🟢                                   │ 🟢 (JSON)                                         │
└───────────────────┴──────────────────────────────────────┴───────────────────────────────────────────────────┘
exit=0

$ npm pack --dry-run
npm notice
npm notice 📦  @pairsystems/goodmem-vercel-ai-sdk@0.1.1
npm notice Tarball Contents
npm notice 11.4kB LICENSE
npm notice 26.3kB README.md
npm notice 28.4kB lib/index.d.mts
npm notice 28.4kB lib/index.d.ts
npm notice 59.7kB lib/index.js
npm notice 141.7kB lib/index.js.map
npm notice 58.1kB lib/index.mjs
npm notice 139.5kB lib/index.mjs.map
npm notice 2.1kB package.json
npm notice Tarball Details
npm notice name: @pairsystems/goodmem-vercel-ai-sdk
npm notice version: 0.1.1
npm notice filename: pairsystems-goodmem-vercel-ai-sdk-0.1.1.tgz
npm notice package size: 131.2 kB
npm notice unpacked size: 495.6 kB
npm notice shasum: 30bc581b3e3f4bd46bd3c1121422185a289a05f1
npm notice integrity: sha512-PepePd0kLqapi[...]lyRL4mTmIEJyQ==
npm notice total files: 9
npm notice
pairsystems-goodmem-vercel-ai-sdk-0.1.1.tgz
exit=0
