# Live suite with credentials removed: must skip
# commit f142994, 2026-09-30T13:33:56Z, node v20.20.0, ai 7.0.123, zod 4.6.5, @pairsystems/goodmem 0.1.9

$ env -u GOODMEM_API_KEY -u GOODMEM_BASE_URL -u GOODMEM_TEST_EMBEDDER_ID npx tsx --test --test-reporter=tap tests/goodmem_live_test.ts
TAP version 13
# Subtest: live
ok 1 - live # SKIP GOODMEM_API_KEY, GOODMEM_BASE_URL and GOODMEM_TEST_EMBEDDER_ID are not set
  ---
  duration_ms: 0.273058
  type: 'suite'
  ...
1..1
# tests 0
# suites 1
# pass 0
# fail 0
# cancelled 0
# skipped 0
# todo 0
# duration_ms 187.503947
exit=0
